Símbolo     Valor Decimal   Valor Hexadecimal
-------     -------------   -----------------
ID_AUTOR             1024                 400
MSG_BYE              1051                 41B
MSG_T_RR             1069                 42D
MSG_MENU             1100                 44C
MSG_GERAL1           1135                 46F
MSG_GERAL2           1171                 493
KEY_ENTER            1207                 4B7
STACK               65498                FFDA
STATUS              65498                FFDA
DATA                65499                FFDB
VISOR               65500                FFDC
T_R_RESUMIDO             32                  20
T_MENU                 60                  3C
T_GERAL                88                  58
T_ENCERRAMENTO            140                  8C
KBD_WAIT_ENTER            165                  A5
_S_LIMPA_VISOR_ITERATIVA            184                  B8
__OUTRO_LED            196                  C4
_S_LIMPA_VISOR_RAPIDA            207                  CF
_S_LIMPA_VISOR_ULTRA            352                 160
_S_PREENCHE_VISOR            441                 1B9
__MAIS1_LED            453                 1C5
_S_ESCREVER_NO_VISOR            464                 1D0
__VOLTA_ESCR            464                 1D0
__SEGUNDO             487                 1E7
__CONTINUA2            491                 1EB
__PROXIMO_LED            498                 1F2
__FIM_VISOR1            502                 1F6
__FIM_VISOR2            508                 1FC
_S_MULTIPLICAR            514                 202
__INICIO_LACO            524                 20C
__NAO_SOMAR            530                 212
__FIM_LACO            538                 21A
__ALERTA_ESTOURO            552                 228
_S_DIVIDIR            554                 22A
__NAO_ZERO            560                 230
__SUBTRAI_DIVISOR            588                 24C
__BIT_ZERO            592                 250
__INDICA_ESTOURO            606                 25E
_S_ENCERRAR            609                 261
__MSGFIM              626                 272
