Símbolo     Valor Decimal   Valor Hexadecimal
-------     -------------   -----------------
ID_AUTOR             1024                 400
K_ENTER              1051                 41B
STACK               65498                FFDA
STATUS              65498                FFDA
DATA                65499                FFDB
VISOR               65500                FFDC
INICIOWHILE             25                  19
FIMWHILE               43                  2B
GETCHAR                44                  2C
GETCHAR_WHILE             44                  2C
_S_LIMPA_VISOR_ITERATIVA             61                  3D
__OUTRO_LED             73                  49
_S_LIMPA_VISOR_RAPIDA             84                  54
_S_LIMPA_VISOR_ULTRA            229                  E5
_S_PREENCHE_VISOR            318                 13E
__MAIS1_LED            330                 14A
_S_ESCREVER_NO_VISOR            341                 155
__VOLTA_ESCR            341                 155
__SEGUNDO             364                 16C
__CONTINUA2            368                 170
__PROXIMO_LED            375                 177
__FIM_VISOR1            379                 17B
__FIM_VISOR2            385                 181
_S_MULTIPLICAR            391                 187
__INICIO_LACO            401                 191
__NAO_SOMAR            407                 197
__FIM_LACO            415                 19F
__ALERTA_ESTOURO            429                 1AD
_S_DIVIDIR            431                 1AF
__NAO_ZERO            437                 1B5
__SUBTRAI_DIVISOR            465                 1D1
__BIT_ZERO            469                 1D5
__INDICA_ESTOURO            483                 1E3
_S_ENCERRAR            486                 1E6
__MSGFIM              503                 1F7
