Símbolo     Valor Decimal   Valor Hexadecimal
-------     -------------   -----------------
ID_AUTOR             1024                 400
MSG_BYE              1051                 41B
MSG_T_RR             1069                 42D
MSG_MENU             1100                 44C
MSG_GERAL1           1135                 46F
MSG_GERAL2           1171                 493
MSG_SENG             1207                 4B7
MSG_SERRO            1218                 4C2
MSG_RENG             1237                 4D5
KEY_ENTER            1269                 4F5
STACK               65498                FFDA
STATUS              65498                FFDA
DATA                65499                FFDB
VISOR               65500                FFDC
T_R_RESUMIDO             32                  20
T_MENU                 60                  3C
T_GERAL                88                  58
T_SEL_ENG             140                  8C
T_SEL_ERRO            168                  A8
T_REL_ERRO            196                  C4
T_ENCERRAMENTO            224                  E0
KBD_WAIT              249                  F9
KBD_WAIT_SUB            253                  FD
KBD_WAIT_ENTER            260                 104
_S_LIMPA_VISOR_ITERATIVA            279                 117
__OUTRO_LED            291                 123
_S_LIMPA_VISOR_RAPIDA            302                 12E
_S_LIMPA_VISOR_ULTRA            447                 1BF
_S_PREENCHE_VISOR            536                 218
__MAIS1_LED            548                 224
_S_ESCREVER_NO_VISOR            559                 22F
__VOLTA_ESCR            559                 22F
__SEGUNDO             582                 246
__CONTINUA2            586                 24A
__PROXIMO_LED            593                 251
__FIM_VISOR1            597                 255
__FIM_VISOR2            603                 25B
_S_MULTIPLICAR            609                 261
__INICIO_LACO            619                 26B
__NAO_SOMAR            625                 271
__FIM_LACO            633                 279
__ALERTA_ESTOURO            647                 287
_S_DIVIDIR            649                 289
__NAO_ZERO            655                 28F
__SUBTRAI_DIVISOR            683                 2AB
__BIT_ZERO            687                 2AF
__INDICA_ESTOURO            701                 2BD
_S_ENCERRAR            704                 2C0
__MSGFIM              721                 2D1
